Archive member included because of file (symbol)

e:/soft/winavr/bin/../lib/gcc/avr/4.3.3/avr25\libgcc.a(_mulhi3.o)
                              main.o (__mulhi3)
e:/soft/winavr/bin/../lib/gcc/avr/4.3.3/avr25\libgcc.a(_mulsi3.o)
                              main.o (__mulsi3)
e:/soft/winavr/bin/../lib/gcc/avr/4.3.3/avr25\libgcc.a(_udivmodhi4.o)
                              main.o (__udivmodhi4)
e:/soft/winavr/bin/../lib/gcc/avr/4.3.3/avr25\libgcc.a(_udivmodsi4.o)
                              main.o (__udivmodsi4)
e:/soft/winavr/bin/../lib/gcc/avr/4.3.3/avr25\libgcc.a(_divmodsi4.o)
                              main.o (__divmodsi4)
e:/soft/winavr/bin/../lib/gcc/avr/4.3.3/avr25\libgcc.a(_exit.o)
                              e:/soft/winavr/bin/../lib/gcc/avr/4.3.3/../../../../avr/lib/avr25/crttn44a.o (exit)
e:/soft/winavr/bin/../lib/gcc/avr/4.3.3/avr25\libgcc.a(_clear_bss.o)
                              main.o (__do_clear_bss)

Allocating common symbols
Common symbol       size              file

tempADC             0x10              main.o
Temp                0x2               main.o
fanSpeed            0x4               main.o
Vfb                 0x2               main.o
vfbADC              0x10              main.o

Discarded input sections

 .data          0x00000000        0x0 e:/soft/winavr/bin/../lib/gcc/avr/4.3.3/../../../../avr/lib/avr25/crttn44a.o
 .bss           0x00000000        0x0 e:/soft/winavr/bin/../lib/gcc/avr/4.3.3/../../../../avr/lib/avr25/crttn44a.o
 .text          0x00000000        0x0 main.o
 .data          0x00000000        0x0 main.o
 .bss           0x00000000        0x0 main.o
 .text          0x00000000        0x0 e:/soft/winavr/bin/../lib/gcc/avr/4.3.3/avr25\libgcc.a(_mulhi3.o)
 .data          0x00000000        0x0 e:/soft/winavr/bin/../lib/gcc/avr/4.3.3/avr25\libgcc.a(_mulhi3.o)
 .bss           0x00000000        0x0 e:/soft/winavr/bin/../lib/gcc/avr/4.3.3/avr25\libgcc.a(_mulhi3.o)
 .text          0x00000000        0x0 e:/soft/winavr/bin/../lib/gcc/avr/4.3.3/avr25\libgcc.a(_mulsi3.o)
 .data          0x00000000        0x0 e:/soft/winavr/bin/../lib/gcc/avr/4.3.3/avr25\libgcc.a(_mulsi3.o)
 .bss           0x00000000        0x0 e:/soft/winavr/bin/../lib/gcc/avr/4.3.3/avr25\libgcc.a(_mulsi3.o)
 .text          0x00000000        0x0 e:/soft/winavr/bin/../lib/gcc/avr/4.3.3/avr25\libgcc.a(_udivmodhi4.o)
 .data          0x00000000        0x0 e:/soft/winavr/bin/../lib/gcc/avr/4.3.3/avr25\libgcc.a(_udivmodhi4.o)
 .bss           0x00000000        0x0 e:/soft/winavr/bin/../lib/gcc/avr/4.3.3/avr25\libgcc.a(_udivmodhi4.o)
 .text          0x00000000        0x0 e:/soft/winavr/bin/../lib/gcc/avr/4.3.3/avr25\libgcc.a(_udivmodsi4.o)
 .data          0x00000000        0x0 e:/soft/winavr/bin/../lib/gcc/avr/4.3.3/avr25\libgcc.a(_udivmodsi4.o)
 .bss           0x00000000        0x0 e:/soft/winavr/bin/../lib/gcc/avr/4.3.3/avr25\libgcc.a(_udivmodsi4.o)
 .text          0x00000000        0x0 e:/soft/winavr/bin/../lib/gcc/avr/4.3.3/avr25\libgcc.a(_divmodsi4.o)
 .data          0x00000000        0x0 e:/soft/winavr/bin/../lib/gcc/avr/4.3.3/avr25\libgcc.a(_divmodsi4.o)
 .bss           0x00000000        0x0 e:/soft/winavr/bin/../lib/gcc/avr/4.3.3/avr25\libgcc.a(_divmodsi4.o)
 .text          0x00000000        0x0 e:/soft/winavr/bin/../lib/gcc/avr/4.3.3/avr25\libgcc.a(_exit.o)
 .data          0x00000000        0x0 e:/soft/winavr/bin/../lib/gcc/avr/4.3.3/avr25\libgcc.a(_exit.o)
 .bss           0x00000000        0x0 e:/soft/winavr/bin/../lib/gcc/avr/4.3.3/avr25\libgcc.a(_exit.o)
 .text.libgcc   0x00000000        0x0 e:/soft/winavr/bin/../lib/gcc/avr/4.3.3/avr25\libgcc.a(_exit.o)
 .text          0x00000000        0x0 e:/soft/winavr/bin/../lib/gcc/avr/4.3.3/avr25\libgcc.a(_clear_bss.o)
 .data          0x00000000        0x0 e:/soft/winavr/bin/../lib/gcc/avr/4.3.3/avr25\libgcc.a(_clear_bss.o)
 .bss           0x00000000        0x0 e:/soft/winavr/bin/../lib/gcc/avr/4.3.3/avr25\libgcc.a(_clear_bss.o)
 .text.libgcc   0x00000000        0x0 e:/soft/winavr/bin/../lib/gcc/avr/4.3.3/avr25\libgcc.a(_clear_bss.o)

Memory Configuration

Name             Origin             Length             Attributes
text             0x00000000         0x00002000         xr
data             0x00800060         0x0000ffa0         rw !x
eeprom           0x00810000         0x00010000         rw !x
fuse             0x00820000         0x00000400         rw !x
lock             0x00830000         0x00000400         rw !x
signature        0x00840000         0x00000400         rw !x
*default*        0x00000000         0xffffffff

Linker script and memory map

LOAD e:/soft/winavr/bin/../lib/gcc/avr/4.3.3/../../../../avr/lib/avr25/crttn44a.o
LOAD main.o
START GROUP
LOAD e:/soft/winavr/bin/../lib/gcc/avr/4.3.3/../../../../avr/lib/avr25\libm.a
END GROUP
LOAD e:/soft/winavr/bin/../lib/gcc/avr/4.3.3/avr25\libgcc.a
LOAD e:/soft/winavr/bin/../lib/gcc/avr/4.3.3/../../../../avr/lib/avr25\libc.a
LOAD e:/soft/winavr/bin/../lib/gcc/avr/4.3.3/avr25\libgcc.a

.hash
 *(.hash)

.dynsym
 *(.dynsym)

.dynstr
 *(.dynstr)

.gnu.version
 *(.gnu.version)

.gnu.version_d
 *(.gnu.version_d)

.gnu.version_r
 *(.gnu.version_r)

.rel.init
 *(.rel.init)

.rela.init
 *(.rela.init)

.rel.text
 *(.rel.text)
 *(.rel.text.*)
 *(.rel.gnu.linkonce.t*)

.rela.text
 *(.rela.text)
 *(.rela.text.*)
 *(.rela.gnu.linkonce.t*)

.rel.fini
 *(.rel.fini)

.rela.fini
 *(.rela.fini)

.rel.rodata
 *(.rel.rodata)
 *(.rel.rodata.*)
 *(.rel.gnu.linkonce.r*)

.rela.rodata
 *(.rela.rodata)
 *(.rela.rodata.*)
 *(.rela.gnu.linkonce.r*)

.rel.data
 *(.rel.data)
 *(.rel.data.*)
 *(.rel.gnu.linkonce.d*)

.rela.data
 *(.rela.data)
 *(.rela.data.*)
 *(.rela.gnu.linkonce.d*)

.rel.ctors
 *(.rel.ctors)

.rela.ctors
 *(.rela.ctors)

.rel.dtors
 *(.rel.dtors)

.rela.dtors
 *(.rela.dtors)

.rel.got
 *(.rel.got)

.rela.got
 *(.rela.got)

.rel.bss
 *(.rel.bss)

.rela.bss
 *(.rela.bss)

.rel.plt
 *(.rel.plt)

.rela.plt
 *(.rela.plt)

.text           0x00000000      0x484
 *(.vectors)
 .vectors       0x00000000       0x22 e:/soft/winavr/bin/../lib/gcc/avr/4.3.3/../../../../avr/lib/avr25/crttn44a.o
                0x00000000                __vectors
                0x00000000                __vector_default
 *(.vectors)
 *(.progmem.gcc*)
 *(.progmem*)
                0x00000022                . = ALIGN (0x2)
                0x00000022                __trampolines_start = .
 *(.trampolines)
 .trampolines   0x00000022        0x0 linker stubs
 *(.trampolines*)
                0x00000022                __trampolines_end = .
 *(.jumptables)
 *(.jumptables*)
 *(.lowtext)
 *(.lowtext*)
                0x00000022                __ctors_start = .
 *(.ctors)
                0x00000022                __ctors_end = .
                0x00000022                __dtors_start = .
 *(.dtors)
                0x00000022                __dtors_end = .
 SORT(*)(.ctors)
 SORT(*)(.dtors)
 *(.init0)
 .init0         0x00000022        0x0 e:/soft/winavr/bin/../lib/gcc/avr/4.3.3/../../../../avr/lib/avr25/crttn44a.o
                0x00000022                __init
 *(.init0)
 *(.init1)
 *(.init1)
 *(.init2)
 .init2         0x00000022        0xc e:/soft/winavr/bin/../lib/gcc/avr/4.3.3/../../../../avr/lib/avr25/crttn44a.o
 *(.init2)
 *(.init3)
 *(.init3)
 *(.init4)
 .init4         0x0000002e       0x10 e:/soft/winavr/bin/../lib/gcc/avr/4.3.3/avr25\libgcc.a(_clear_bss.o)
                0x0000002e                __do_clear_bss
 *(.init4)
 *(.init5)
 *(.init5)
 *(.init6)
 *(.init6)
 *(.init7)
 *(.init7)
 *(.init8)
 *(.init8)
 *(.init9)
 .init9         0x0000003e        0x4 e:/soft/winavr/bin/../lib/gcc/avr/4.3.3/../../../../avr/lib/avr25/crttn44a.o
 *(.init9)
 *(.text)
 .text          0x00000042        0x2 e:/soft/winavr/bin/../lib/gcc/avr/4.3.3/../../../../avr/lib/avr25/crttn44a.o
                0x00000042                __vector_1
                0x00000042                __vector_12
                0x00000042                __bad_interrupt
                0x00000042                __vector_6
                0x00000042                __vector_3
                0x00000042                __vector_11
                0x00000042                __vector_13
                0x00000042                __vector_7
                0x00000042                __vector_5
                0x00000042                __vector_4
                0x00000042                __vector_9
                0x00000042                __vector_2
                0x00000042                __vector_15
                0x00000042                __vector_8
                0x00000042                __vector_14
                0x00000042                __vector_10
                0x00000042                __vector_16
                0x00000044                . = ALIGN (0x2)
 *(.text.*)
 .text.readADC  0x00000044       0x2c main.o
                0x00000044                readADC
 .text.sysInit  0x00000070       0xb0 main.o
                0x00000070                sysInit
 .text.setFanPwm
                0x00000120       0x18 main.o
                0x00000120                setFanPwm
 .text.scaleVfb
                0x00000138       0x22 main.o
                0x00000138                scaleVfb
 .text.filter   0x0000015a       0x62 main.o
                0x0000015a                filter
 .text.main     0x000001bc      0x1cc main.o
                0x000001bc                main
 .text.libgcc   0x00000388       0x24 e:/soft/winavr/bin/../lib/gcc/avr/4.3.3/avr25\libgcc.a(_mulhi3.o)
                0x00000388                __mulhi3
 .text.libgcc   0x000003ac       0x32 e:/soft/winavr/bin/../lib/gcc/avr/4.3.3/avr25\libgcc.a(_mulsi3.o)
                0x000003ac                __mulsi3
 .text.libgcc   0x000003de       0x28 e:/soft/winavr/bin/../lib/gcc/avr/4.3.3/avr25\libgcc.a(_udivmodhi4.o)
                0x000003de                __udivmodhi4
 .text.libgcc   0x00000406       0x44 e:/soft/winavr/bin/../lib/gcc/avr/4.3.3/avr25\libgcc.a(_udivmodsi4.o)
                0x00000406                __udivmodsi4
 .text.libgcc   0x0000044a       0x36 e:/soft/winavr/bin/../lib/gcc/avr/4.3.3/avr25\libgcc.a(_divmodsi4.o)
                0x0000044a                __divmodsi4
                0x00000480                . = ALIGN (0x2)
 *(.fini9)
 .fini9         0x00000480        0x0 e:/soft/winavr/bin/../lib/gcc/avr/4.3.3/avr25\libgcc.a(_exit.o)
                0x00000480                exit
                0x00000480                _exit
 *(.fini9)
 *(.fini8)
 *(.fini8)
 *(.fini7)
 *(.fini7)
 *(.fini6)
 *(.fini6)
 *(.fini5)
 *(.fini5)
 *(.fini4)
 *(.fini4)
 *(.fini3)
 *(.fini3)
 *(.fini2)
 *(.fini2)
 *(.fini1)
 *(.fini1)
 *(.fini0)
 .fini0         0x00000480        0x4 e:/soft/winavr/bin/../lib/gcc/avr/4.3.3/avr25\libgcc.a(_exit.o)
 *(.fini0)
                0x00000484                _etext = .

.data           0x00800060        0x0 load address 0x00000484
                0x00800060                PROVIDE (__data_start, .)
 *(.data)
 *(.data*)
 *(.rodata)
 *(.rodata*)
 *(.gnu.linkonce.d*)
                0x00800060                . = ALIGN (0x2)
                0x00800060                _edata = .
                0x00800060                PROVIDE (__data_end, .)

.bss            0x00800060       0x29
                0x00800060                PROVIDE (__bss_start, .)
 *(.bss)
 *(.bss*)
 .bss.currentStep
                0x00800060        0x1 main.o
                0x00800060                currentStep
 *(COMMON)
 COMMON         0x00800061       0x28 main.o
                0x00800061                tempADC
                0x00800071                Temp
                0x00800073                fanSpeed
                0x00800077                Vfb
                0x00800079                vfbADC
                0x00800089                PROVIDE (__bss_end, .)
                0x00000484                __data_load_start = LOADADDR (.data)
                0x00000484                __data_load_end = (__data_load_start + SIZEOF (.data))

.noinit         0x00800089        0x0
                0x00800089                PROVIDE (__noinit_start, .)
 *(.noinit*)
                0x00800089                PROVIDE (__noinit_end, .)
                0x00800089                _end = .
                0x00800089                PROVIDE (__heap_start, .)

.eeprom         0x00810000        0x0
 *(.eeprom*)
                0x00810000                __eeprom_end = .

.fuse
 *(.fuse)
 *(.lfuse)
 *(.hfuse)
 *(.efuse)

.lock
 *(.lock*)

.signature
 *(.signature*)

.stab
 *(.stab)

.stabstr
 *(.stabstr)

.stab.excl
 *(.stab.excl)

.stab.exclstr
 *(.stab.exclstr)

.stab.index
 *(.stab.index)

.stab.indexstr
 *(.stab.indexstr)

.comment
 *(.comment)

.debug
 *(.debug)

.line
 *(.line)

.debug_srcinfo
 *(.debug_srcinfo)

.debug_sfnames
 *(.debug_sfnames)

.debug_aranges  0x00000000       0x48
 *(.debug_aranges)
 .debug_aranges
                0x00000000       0x48 main.o

.debug_pubnames
                0x00000000       0x9e
 *(.debug_pubnames)
 .debug_pubnames
                0x00000000       0x9e main.o

.debug_info     0x00000000      0x362
 *(.debug_info)
 .debug_info    0x00000000      0x362 main.o
 *(.gnu.linkonce.wi.*)

.debug_abbrev   0x00000000      0x199
 *(.debug_abbrev)
 .debug_abbrev  0x00000000      0x199 main.o

.debug_line     0x00000000      0x3de
 *(.debug_line)
 .debug_line    0x00000000      0x3de main.o

.debug_frame    0x00000000       0x70
 *(.debug_frame)
 .debug_frame   0x00000000       0x70 main.o

.debug_str      0x00000000      0x19c
 *(.debug_str)
 .debug_str     0x00000000      0x19c main.o
                                0x1d8 (size before relaxing)

.debug_loc      0x00000000       0x7c
 *(.debug_loc)
 .debug_loc     0x00000000       0x7c main.o

.debug_macinfo
 *(.debug_macinfo)
OUTPUT(LabPS_uContr.elf elf32-avr)
LOAD linker stubs

.debug_ranges   0x00000000       0x40
 .debug_ranges  0x00000000       0x40 main.o
